测试日期：2026-03-15 01:22:54
总计：21 项测试
通过：21
失败：0
通过率：100%
